%!Adobe-FontList 1.18
%Locale:0x4009

%BeginFont
Handler:DirectoryHandler
FontType:TrueType
FontName:Algerian
FamilyName:Algerian
StyleName:Regular
FullName:Algerian
MenuName:Algerian
StyleBits:0
WritingScript:Roman
OutlineFileName:F:\Mucur\packages\Farmer Folder\Document fonts\ALGER.TTF
DataFormat:sfntData
hasSVG:no
FileLength:76588
FileModTime:1476181057
WeightClass:400
WidthClass:2
AngleClass:0
NameArray:0,Mac,4,Algerian
NameArray:0,Win,1,Algerian
%EndFont

%BeginFont
Handler:DirectoryHandler
FontType:TrueType
FontName:ArialMT
FamilyName:Arial
StyleName:Regular
FullName:Arial
MenuName:Arial
StyleBits:0
WritingScript:Roman
OutlineFileName:F:\Mucur\packages\Farmer Folder\Document fonts\arial.ttf
DataFormat:sfntData
hasSVG:no
FileLength:1036584
FileModTime:1523489648
WeightClass:400
WidthClass:5
AngleClass:0
NameArray:0,Mac,4,Arial
NameArray:0,Win,1,Arial
%EndFont

%BeginFont
Handler:DirectoryHandler
FontType:TrueType
FontName:Arial-BoldItalicMT
FamilyName:Arial
StyleName:Bold Italic
FullName:Arial Bold Italic
MenuName:Arial
StyleBits:3
WritingScript:Roman
OutlineFileName:F:\Mucur\packages\Farmer Folder\Document fonts\arialbi.ttf
DataFormat:sfntData
hasSVG:no
FileLength:721144
FileModTime:1523489648
WeightClass:700
WidthClass:5
AngleClass:1
NameArray:0,Mac,4,Arial Bold Italic
NameArray:0,Win,1,Arial
%EndFont

%BeginFont
Handler:DirectoryHandler
FontType:TrueType
FontName:Magneto-Bold
FamilyName:Magneto
StyleName:Bold
FullName:Magneto Bold
MenuName:Magneto
StyleBits:2
WritingScript:Roman
OutlineFileName:F:\Mucur\packages\Farmer Folder\Document fonts\MAGNETOB.TTF
DataFormat:sfntData
hasSVG:no
FileLength:65284
FileModTime:1476181060
WeightClass:700
WidthClass:6
AngleClass:0
NameArray:0,Mac,4,Magneto Bold
NameArray:0,Win,1,Magneto
%EndFont

%BeginFont
Handler:DirectoryHandler
FontType:TrueType
FontName:MaturaMTScriptCapitals
FamilyName:Matura MT Script Capitals
StyleName:Regular
FullName:Matura MT Script Capitals
MenuName:Matura MT Script Capitals
StyleBits:0
WritingScript:Roman
OutlineFileName:F:\Mucur\packages\Farmer Folder\Document fonts\MATURASC.TTF
DataFormat:sfntData
hasSVG:no
FileLength:51296
FileModTime:1476181060
WeightClass:400
WidthClass:5
AngleClass:0
NameArray:0,Mac,4,Matura MT Script Capitals
NameArray:0,Win,1,Matura MT Script Capitals
%EndFont

