%!Adobe-FontList 1.18
%Locale:0x4009

%BeginFont
Handler:DirectoryHandler
FontType:TrueType
FontName:Algerian
FamilyName:Algerian
StyleName:Regular
FullName:Algerian
MenuName:Algerian
StyleBits:0
WritingScript:Roman
OutlineFileName:F:\Mucur\packages\augmented reality\Document fonts\ALGER.TTF
DataFormat:sfntData
hasSVG:no
FileLength:76588
FileModTime:1476181057
WeightClass:400
WidthClass:2
AngleClass:0
NameArray:0,Mac,4,Algerian
NameArray:0,Win,1,Algerian
%EndFont

%BeginFont
Handler:DirectoryHandler
FontType:TrueType
FontName:MaiandraGD-Regular
FamilyName:Maiandra GD
StyleName:Regular
FullName:Maiandra GD
MenuName:Maiandra GD
StyleBits:0
WritingScript:Roman
OutlineFileName:F:\Mucur\packages\augmented reality\Document fonts\MAIAN.TTF
DataFormat:sfntData
hasSVG:no
FileLength:61384
FileModTime:1476181060
WeightClass:400
WidthClass:5
AngleClass:0
NameArray:0,Mac,4,Maiandra GD
NameArray:0,Win,1,Maiandra GD
%EndFont

%BeginFont
Handler:DirectoryHandler
FontType:TrueType
FontName:TechnicalForest
FamilyName:Technical Forest
StyleName:Regular
FullName:Technical Forest
MenuName:Technical Forest
StyleBits:0
WritingScript:Roman
OutlineFileName:F:\Mucur\packages\augmented reality\Document fonts\Technical_forest_v_2_1_by_SergeantSwierq.ttf
DataFormat:sfntData
hasSVG:no
FileLength:31680
FileModTime:1282266960
WeightClass:400
WidthClass:5
AngleClass:0
NameArray:0,Mac,4,Technical Forest
NameArray:0,Win,1,Technical Forest
%EndFont

